[2026-04-09T06:38:30.082Z] GET https://app.hyperliquid.xyz/ → pending (?ms, ?B)
[2026-04-09T06:38:32.793Z] GET https://app.hyperliquid.xyz/charting_library_v28.5/charting_library/charting_library.js?bust=v8 → pending (?ms, ?B)
[2026-04-09T06:38:32.793Z] GET https://app.hyperliquid.xyz/static/js/main.cd9edebc.js → pending (?ms, ?B)
[2026-04-09T06:38:32.793Z] GET https://app.hyperliquid.xyz/static/css/main.0e42622f.css → pending (?ms, ?B)
[2026-04-09T06:38:32.793Z] GET https://hyperliquid.statuspage.io/embed/script.js → pending (?ms, ?B)
[2026-04-09T06:38:34.889Z] GET https://h20qtjygwppc.statuspage.io/embed/frame → pending (?ms, ?B)
[2026-04-09T06:38:37.920Z] GET https://app.hyperliquid.xyz/audio/short_chime.mp3 → pending (?ms, ?B)
[2026-04-09T06:38:37.920Z] GET https://app.hyperliquid.xyz/static/js/7847.cac5b2ba.chunk.js → pending (?ms, ?B)
[2026-04-09T06:38:37.945Z] GET https://app.hyperliquid.xyz/static/js/6263.383280bd.chunk.js → pending (?ms, ?B)
[2026-04-09T06:38:37.945Z] GET https://dzjnlsk4rxci0.cloudfront.net/mainnet/entries.json?noCache=0.8946700400346242 → pending (?ms, ?B)
[2026-04-09T06:38:38.301Z] GET https://app.hyperliquid.xyz/static/js/7787.9ab21024.chunk.js → 200 (396ms, 27580B)
[2026-04-09T06:38:38.301Z] GET https://app.hyperliquid.xyz/static/js/4435.f29b7048.chunk.js → 200 (452ms, 520146B)
[2026-04-09T06:38:38.574Z] GET https://app.hyperliquid.xyz/images/logo-privy.svg → 200 (338ms, 7389B)
[2026-04-09T06:38:38.607Z] GET https://app.hyperliquid.xyz/ → pending (?ms, ?B)
[2026-04-09T06:38:38.615Z] POST https://api-ui.hyperliquid.xyz/info → pending (?ms, ?B)
[2026-04-09T06:38:38.615Z] GET https://explorer-api.walletconnect.com/v3/wallets?projectId=34357d3c125c2bcf2ce2bc3309d98715 → pending (?ms, ?B)
[2026-04-09T06:38:38.615Z] GET https://auth.privy.io/api/v1/apps/clmv1d6am07asib0fs4ss7w2x → pending (?ms, ?B)
[2026-04-09T06:38:38.660Z] GET https://api.coingecko.com/api/v3/simple/price?ids=bitcoin,ethereum,solana,fartcoin,pump-fun,bonk,plasma,doublezero,monad,ethena,zcash&vs_currencies=usd&include_market_cap=true → pending (?ms, ?B)
[2026-04-09T06:38:38.660Z] POST https://api-ui.hyperliquid.xyz/info → pending (?ms, ?B)
[2026-04-09T06:38:38.660Z] POST https://api-ui.hyperliquid.xyz/info → pending (?ms, ?B)
[2026-04-09T06:38:38.660Z] POST https://api-ui.hyperliquid.xyz/info → pending (?ms, ?B)
[2026-04-09T06:38:38.660Z] POST https://api-ui.hyperliquid.xyz/info → pending (?ms, ?B)
[2026-04-09T06:38:38.661Z] POST https://api-ui.hyperliquid.xyz/info → pending (?ms, ?B)
[2026-04-09T06:38:38.661Z] GET https://app.hyperliquid.xyz/static/media/Inter-Regular.8c206db99195777c6769.woff → pending (?ms, ?B)
[2026-04-09T06:38:38.661Z] POST https://api-ui.hyperliquid.xyz/info → pending (?ms, ?B)
[2026-04-09T06:38:38.661Z] POST https://api-ui.hyperliquid.xyz/info → pending (?ms, ?B)
[2026-04-09T06:38:38.661Z] POST https://api-ui.hyperliquid.xyz/info → pending (?ms, ?B)
[2026-04-09T06:38:38.661Z] GET https://app.hyperliquid.xyz/coins/@107_spot.svg → pending (?ms, ?B)
[2026-04-09T06:38:38.661Z] GET https://app.hyperliquid.xyz/images/blob.gif → pending (?ms, ?B)
[2026-04-09T06:38:38.766Z] POST https://pulse.walletconnect.org/e?projectId=a27650e04812003001477ec7409a330f&st=appkit&sv=html-core-1.7.8 → pending (?ms, ?B)
[2026-04-09T06:38:38.766Z] GET https://app.hyperliquid.xyz/static/js/525.c0f08e65.chunk.js → pending (?ms, ?B)
[2026-04-09T06:38:38.766Z] GET https://app.hyperliquid.xyz/static/js/8796.42f4f79c.chunk.js → pending (?ms, ?B)
[2026-04-09T06:38:38.766Z] GET https://api.web3modal.org/appkit/v1/config?projectId=a27650e04812003001477ec7409a330f&st=appkit&sv=html-core-1.7.8 → pending (?ms, ?B)
[2026-04-09T06:38:39.261Z] GET https://app.hyperliquid.xyz/ → 200 (763ms, 1412B)
[2026-04-09T06:38:39.425Z] GET https://app.hyperliquid.xyz/coins/missing.svg → 200 (602ms, 103B)
[2026-04-09T06:38:40.113Z] GET https://jup.ag/ → pending (?ms, ?B)
[2026-04-09T06:38:42.602Z] GET https://static.jup.ag/tv/charting_library/charting_library.js → pending (?ms, ?B)
[2026-04-09T06:38:42.602Z] GET https://jup.ag/_next/static/css/b1e6af05919a4e7c.css?dpl=dpl_BKyuUDtEwN9cYZTqVu5doUSWXU5k → 200 (354ms, ?B)
[2026-04-09T06:38:42.602Z] GET https://jup.ag/_next/static/css/145ce67facd74e4d.css?dpl=dpl_BKyuUDtEwN9cYZTqVu5doUSWXU5k → 200 (341ms, ?B)
[2026-04-09T06:38:42.602Z] GET https://jup.ag/_next/static/chunks/webpack-c373f6e61d386e4a.js?dpl=dpl_BKyuUDtEwN9cYZTqVu5doUSWXU5k → pending (?ms, ?B)
[2026-04-09T06:38:42.602Z] GET https://jup.ag/_next/static/chunks/framework-080f6417e1319e0f.js?dpl=dpl_BKyuUDtEwN9cYZTqVu5doUSWXU5k → pending (?ms, ?B)
[2026-04-09T06:38:42.602Z] GET https://jup.ag/_next/static/chunks/lib-1694e28b23d725e8.js?dpl=dpl_BKyuUDtEwN9cYZTqVu5doUSWXU5k → pending (?ms, ?B)
[2026-04-09T06:38:42.602Z] GET https://jup.ag/_next/static/chunks/main-9a3e33ca30fc110b.js?dpl=dpl_BKyuUDtEwN9cYZTqVu5doUSWXU5k → pending (?ms, ?B)
[2026-04-09T06:38:42.604Z] GET https://jup.ag/_next/static/chunks/lib-dndkit-7609877c689e1de0.js?dpl=dpl_BKyuUDtEwN9cYZTqVu5doUSWXU5k → pending (?ms, ?B)
[2026-04-09T06:38:42.604Z] GET https://jup.ag/_next/static/chunks/lib-tradingview-1d0c36ea8fcdc4ed.js?dpl=dpl_BKyuUDtEwN9cYZTqVu5doUSWXU5k → pending (?ms, ?B)
[2026-04-09T06:38:42.604Z] GET https://jup.ag/_next/static/chunks/lib-sonarwatch-6f1faacb87c08fcc.js?dpl=dpl_BKyuUDtEwN9cYZTqVu5doUSWXU5k → pending (?ms, ?B)
[2026-04-09T06:38:42.604Z] GET https://jup.ag/_next/static/chunks/lib-wallet-adapter-cea2fb05cf496bc3.js?dpl=dpl_BKyuUDtEwN9cYZTqVu5doUSWXU5k → pending (?ms, ?B)
[2026-04-09T06:38:42.604Z] GET https://jup.ag/_next/static/chunks/pages/_app-0bc1730857d5a81b.js?dpl=dpl_BKyuUDtEwN9cYZTqVu5doUSWXU5k → pending (?ms, ?B)
[2026-04-09T06:38:42.604Z] GET https://jup.ag/_next/static/chunks/7398-9945a3720569da15.js?dpl=dpl_BKyuUDtEwN9cYZTqVu5doUSWXU5k → pending (?ms, ?B)
[2026-04-09T06:38:42.604Z] GET https://jup.ag/_next/static/chunks/361-47ef956f19a78169.js?dpl=dpl_BKyuUDtEwN9cYZTqVu5doUSWXU5k → pending (?ms, ?B)
[2026-04-09T06:38:42.604Z] GET https://jup.ag/_next/static/chunks/2288-dd765ef1a3dfc608.js?dpl=dpl_BKyuUDtEwN9cYZTqVu5doUSWXU5k → pending (?ms, ?B)
[2026-04-09T06:38:42.604Z] GET https://jup.ag/_next/static/chunks/4270-7273b641cd580e91.js?dpl=dpl_BKyuUDtEwN9cYZTqVu5doUSWXU5k → pending (?ms, ?B)
[2026-04-09T06:38:42.604Z] GET https://jup.ag/_next/static/chunks/837-52fe1d394242b500.js?dpl=dpl_BKyuUDtEwN9cYZTqVu5doUSWXU5k → pending (?ms, ?B)
[2026-04-09T06:38:42.604Z] GET https://jup.ag/_next/static/chunks/4578-cccc2024b73e7600.js?dpl=dpl_BKyuUDtEwN9cYZTqVu5doUSWXU5k → pending (?ms, ?B)
[2026-04-09T06:38:42.604Z] GET https://jup.ag/_next/static/chunks/1087-b7a59c565e0df854.js?dpl=dpl_BKyuUDtEwN9cYZTqVu5doUSWXU5k → pending (?ms, ?B)
[2026-04-09T06:38:42.604Z] GET https://jup.ag/_next/static/chunks/9289-3a9635c5cac632a7.js?dpl=dpl_BKyuUDtEwN9cYZTqVu5doUSWXU5k → pending (?ms, ?B)
[2026-04-09T06:38:42.604Z] GET https://jup.ag/_next/static/chunks/4099-30605ce947c57c09.js?dpl=dpl_BKyuUDtEwN9cYZTqVu5doUSWXU5k → pending (?ms, ?B)
[2026-04-09T06:38:42.605Z] GET https://jup.ag/_next/static/chunks/169-6e5790e75a0b63de.js?dpl=dpl_BKyuUDtEwN9cYZTqVu5doUSWXU5k → pending (?ms, ?B)
[2026-04-09T06:38:42.605Z] GET https://jup.ag/_next/static/chunks/pages/index-aeb9856cda82547f.js?dpl=dpl_BKyuUDtEwN9cYZTqVu5doUSWXU5k → pending (?ms, ?B)
[2026-04-09T06:38:42.605Z] GET https://jup.ag/_next/static/tTEpVEkM1EumRsQcEFn_l/_buildManifest.js?dpl=dpl_BKyuUDtEwN9cYZTqVu5doUSWXU5k → pending (?ms, ?B)
[2026-04-09T06:38:42.605Z] GET https://jup.ag/_next/static/tTEpVEkM1EumRsQcEFn_l/_ssgManifest.js?dpl=dpl_BKyuUDtEwN9cYZTqVu5doUSWXU5k → pending (?ms, ?B)
[2026-04-09T06:38:42.605Z] GET https://jup.ag/_next/image?url=%2Fsvg%2Fjupiter-logo.png&w=96&q=75 → pending (?ms, ?B)
[2026-04-09T06:38:42.605Z] GET https://static.cloudflareinsights.com/beacon.min.js/vcd15cbe7772f49c399c6a5babf22c1241717689176015 → pending (?ms, ?B)
[2026-04-09T06:39:03.629Z] GET https://app.kamino.finance/ → pending (?ms, ?B)
[2026-04-09T06:39:07.271Z] GET https://kamino.com/ → pending (?ms, ?B)
[2026-04-09T06:39:19.608Z] GET https://birdeye.so/ → pending (?ms, ?B)
[2026-04-09T06:39:22.681Z] GET https://birdeye.so/_next/static/media/028c0d39d2e8f589-s.p.woff2 → pending (?ms, ?B)
[2026-04-09T06:39:22.681Z] GET https://birdeye.so/_next/static/media/1e41be92c43b3255-s.p.woff2 → pending (?ms, ?B)
[2026-04-09T06:39:22.686Z] GET https://birdeye.so/_next/static/media/4aed5c183acb5e9c-s.p.woff2 → pending (?ms, ?B)
[2026-04-09T06:39:22.686Z] GET https://birdeye.so/_next/static/media/5b01f339abf2f1a5.p.woff2 → pending (?ms, ?B)
[2026-04-09T06:39:22.687Z] GET https://birdeye.so/_next/static/media/739c2d8941231bb4-s.p.woff2 → pending (?ms, ?B)
[2026-04-09T06:39:22.687Z] GET https://birdeye.so/_next/static/media/b547311da8ad393d-s.p.woff2 → pending (?ms, ?B)
[2026-04-09T06:39:22.687Z] GET https://birdeye.so/_next/static/media/d8095df103f9fa63-s.p.woff2 → pending (?ms, ?B)
[2026-04-09T06:39:22.687Z] GET https://birdeye.so/_next/static/media/ec44d62d02eab5ef-s.p.woff2 → pending (?ms, ?B)
[2026-04-09T06:39:22.687Z] GET https://birdeye.so/_next/static/media/f15d90476ef9e439-s.p.woff2 → pending (?ms, ?B)
[2026-04-09T06:39:22.687Z] GET https://birdeye.so/_next/static/css/59b1dc22263fc6d1.css → pending (?ms, ?B)
[2026-04-09T06:39:22.687Z] GET https://birdeye.so/_next/static/css/213cd7c1337dc750.css → pending (?ms, ?B)
[2026-04-09T06:39:22.687Z] GET https://birdeye.so/_next/static/chunks/webpack-1f3797e4cdefca87.js → pending (?ms, ?B)
[2026-04-09T06:39:22.687Z] GET https://birdeye.so/_next/static/chunks/c337721e-c0791a3806a33cd2.js → pending (?ms, ?B)
[2026-04-09T06:39:22.687Z] GET https://birdeye.so/_next/static/chunks/7701-cb234f90192cdd13.js → pending (?ms, ?B)
[2026-04-09T06:39:22.687Z] GET https://birdeye.so/_next/static/chunks/main-app-9a8f1cd797c50750.js → pending (?ms, ?B)
[2026-04-09T06:39:22.688Z] GET https://birdeye.so/_next/static/chunks/d9485ff4-36fe81cd7a1620be.js → pending (?ms, ?B)
[2026-04-09T06:39:22.689Z] GET https://birdeye.so/_next/static/chunks/d494de11-f9293cd77dd44f71.js → pending (?ms, ?B)
[2026-04-09T06:39:22.689Z] GET https://birdeye.so/_next/static/chunks/7079-87eaae7f47984442.js → pending (?ms, ?B)
[2026-04-09T06:39:22.689Z] GET https://birdeye.so/_next/static/chunks/5991-93acd84f0be3b570.js → pending (?ms, ?B)
[2026-04-09T06:39:22.689Z] GET https://birdeye.so/_next/static/chunks/45-bcadcbece9373249.js → pending (?ms, ?B)
[2026-04-09T06:39:22.689Z] GET https://birdeye.so/_next/static/chunks/5387-3403f70884493a9c.js → pending (?ms, ?B)
[2026-04-09T06:39:22.689Z] GET https://birdeye.so/_next/static/chunks/4220-da542565084185ea.js → pending (?ms, ?B)
[2026-04-09T06:39:22.689Z] GET https://birdeye.so/_next/static/chunks/9832-c9f64839d25f19cb.js → pending (?ms, ?B)
[2026-04-09T06:39:22.689Z] GET https://birdeye.so/_next/static/chunks/5751-eab818eeac2db315.js → pending (?ms, ?B)
[2026-04-09T06:39:22.689Z] GET https://birdeye.so/_next/static/chunks/2992-015ba1c91e089a2b.js → pending (?ms, ?B)
[2026-04-09T06:39:22.689Z] GET https://birdeye.so/_next/static/chunks/7538-f0373d2ba2b35957.js → pending (?ms, ?B)
[2026-04-09T06:39:22.689Z] GET https://birdeye.so/_next/static/chunks/7942-2d998ea459c3e651.js → pending (?ms, ?B)
[2026-04-09T06:39:22.689Z] GET https://birdeye.so/_next/static/chunks/7710-373c6170515fab2b.js → pending (?ms, ?B)
[2026-04-09T06:39:22.689Z] GET https://birdeye.so/_next/static/chunks/3955-c87541a020f197fb.js → pending (?ms, ?B)
[2026-04-09T06:39:22.689Z] GET https://birdeye.so/_next/static/chunks/7682-faa40956e6303a9c.js → pending (?ms, ?B)
[2026-04-09T06:39:22.689Z] GET https://birdeye.so/_next/static/chunks/314-d958f57085fbd3f5.js → pending (?ms, ?B)
[2026-04-09T06:39:22.689Z] GET https://birdeye.so/_next/static/chunks/531-71889500acdcc448.js → pending (?ms, ?B)
[2026-04-09T06:39:22.689Z] GET https://birdeye.so/_next/static/chunks/8325-be7200495e7ea2a6.js → pending (?ms, ?B)
[2026-04-09T06:39:22.689Z] GET https://birdeye.so/_next/static/chunks/5133-d76dfc1616b7b515.js → pending (?ms, ?B)
[2026-04-09T06:39:22.689Z] GET https://birdeye.so/_next/static/chunks/9787-bedc927fe4de76ce.js → pending (?ms, ?B)
[2026-04-09T06:39:22.689Z] GET https://birdeye.so/_next/static/chunks/7855-2fbb86b99c3d52f6.js → pending (?ms, ?B)
[2026-04-09T06:39:22.689Z] GET https://birdeye.so/_next/static/chunks/9477-3dfa2df9dea0fb25.js → pending (?ms, ?B)
[2026-04-09T06:39:22.689Z] GET https://birdeye.so/_next/static/chunks/7182-04d3008f6170d298.js → pending (?ms, ?B)
[2026-04-09T06:39:22.689Z] GET https://birdeye.so/_next/static/chunks/8846-f219df7237acc327.js → pending (?ms, ?B)
[2026-04-09T06:39:22.689Z] GET https://birdeye.so/_next/static/chunks/8260-3a8e9d2026eb9d88.js → pending (?ms, ?B)
[2026-04-09T06:39:22.689Z] GET https://birdeye.so/_next/static/chunks/223-f2b45a89189b115e.js → pending (?ms, ?B)
[2026-04-09T06:39:22.689Z] GET https://birdeye.so/_next/static/chunks/5391-c17c3cb8a667e5b8.js → pending (?ms, ?B)
[2026-04-09T06:39:22.689Z] GET https://birdeye.so/_next/static/chunks/3834-7bc8ca0d600b3f39.js → pending (?ms, ?B)
[2026-04-09T06:39:22.689Z] GET https://birdeye.so/_next/static/chunks/app/layout-566ab4ae85a813c5.js → pending (?ms, ?B)
[2026-04-09T06:39:22.690Z] GET https://birdeye.so/_next/static/chunks/app/error-1aab583df3732505.js → pending (?ms, ?B)
[2026-04-09T06:39:22.690Z] GET https://birdeye.so/_next/static/chunks/2198-9dc9faa382940228.js → pending (?ms, ?B)
[2026-04-09T06:39:22.690Z] GET https://birdeye.so/_next/static/chunks/9567-8a4858edffdd2e96.js → pending (?ms, ?B)
[2026-04-09T06:39:22.690Z] GET https://birdeye.so/_next/static/chunks/3485-10e775767123e6a3.js → pending (?ms, ?B)
[2026-04-09T06:39:22.690Z] GET https://birdeye.so/_next/static/chunks/app/(research-layout)/layout-65f3466b60de9c60.js → pending (?ms, ?B)
[2026-04-09T06:39:22.690Z] GET https://birdeye.so/_next/static/chunks/8305-585964c88d291e17.js → pending (?ms, ?B)
[2026-04-09T06:39:22.690Z] GET https://birdeye.so/_next/static/chunks/7845-b5b4496b70f27e6a.js → pending (?ms, ?B)
[2026-04-09T06:39:22.690Z] GET https://birdeye.so/_next/static/chunks/app/(bds-layout)/layout-7ace1922b71a6108.js → pending (?ms, ?B)
[2026-04-09T06:39:22.690Z] GET https://birdeye.so/_next/static/chunks/app/global-error-22c6d94e604a4d0b.js → pending (?ms, ?B)
[2026-04-09T06:39:22.690Z] GET https://birdeye.so/_next/static/chunks/273acdc0-9bcc3715499b88f6.js → pending (?ms, ?B)
[2026-04-09T06:39:22.690Z] GET https://birdeye.so/_next/static/chunks/3293-b2c82acd0f81291c.js → pending (?ms, ?B)
[2026-04-09T06:39:22.690Z] GET https://birdeye.so/_next/static/chunks/8033-e79835f792e1ddb3.js → pending (?ms, ?B)
[2026-04-09T06:39:22.690Z] GET https://birdeye.so/_next/static/chunks/8773-19ce72c7d307b23d.js → pending (?ms, ?B)
[2026-04-09T06:39:22.690Z] GET https://birdeye.so/_next/static/chunks/6211-f9c505aefe786a98.js → pending (?ms, ?B)
[2026-04-09T06:39:22.690Z] GET https://birdeye.so/_next/static/chunks/4558-968433647479de75.js → pending (?ms, ?B)
[2026-04-09T06:39:22.690Z] GET https://birdeye.so/_next/static/chunks/2673-32893c664e3bce8c.js → pending (?ms, ?B)
[2026-04-09T06:39:22.690Z] GET https://birdeye.so/_next/static/chunks/2968-053d1a8f84fbaeaa.js → pending (?ms, ?B)
[2026-04-09T06:39:22.691Z] GET https://birdeye.so/_next/static/chunks/3155-8766dc07b78befe4.js → pending (?ms, ?B)
[2026-04-09T06:39:22.691Z] GET https://birdeye.so/_next/static/chunks/8098-5cc8f2937c763a15.js → pending (?ms, ?B)
[2026-04-09T06:39:22.691Z] GET https://birdeye.so/_next/static/chunks/7270-44b8d24db71c92f1.js → pending (?ms, ?B)
[2026-04-09T06:39:22.691Z] GET https://birdeye.so/_next/static/chunks/9609-e716a9eaba0417e8.js → pending (?ms, ?B)
[2026-04-09T06:39:22.691Z] GET https://birdeye.so/_next/static/chunks/6610-bd7aa13769b1f057.js → pending (?ms, ?B)
[2026-04-09T06:39:22.691Z] GET https://birdeye.so/_next/static/chunks/8783-9bf5e3b12e2e0c06.js → pending (?ms, ?B)
[2026-04-09T06:39:22.691Z] GET https://birdeye.so/_next/static/chunks/3813-40e847f52853658f.js → pending (?ms, ?B)
[2026-04-09T06:39:22.691Z] GET https://birdeye.so/_next/static/chunks/8069-30114fe53a5e66f3.js → pending (?ms, ?B)
[2026-04-09T06:39:22.692Z] GET https://birdeye.so/_next/static/chunks/7318-c70e0c71b7ac3973.js → pending (?ms, ?B)
[2026-04-09T06:39:22.692Z] GET https://birdeye.so/_next/static/chunks/5109-8e671f114cc0fb36.js → pending (?ms, ?B)
[2026-04-09T06:39:22.692Z] GET https://birdeye.so/_next/static/chunks/9257-40c459971539a292.js → pending (?ms, ?B)
[2026-04-09T06:39:22.692Z] GET https://birdeye.so/_next/static/chunks/8455-d57e6a920fc79b10.js → pending (?ms, ?B)
[2026-04-09T06:39:22.692Z] GET https://birdeye.so/_next/static/chunks/4226-a918d101a62dd739.js → pending (?ms, ?B)
[2026-04-09T06:39:22.692Z] GET https://birdeye.so/_next/static/chunks/7139-097d2290824c755c.js → pending (?ms, ?B)
[2026-04-09T06:39:22.692Z] GET https://birdeye.so/_next/static/chunks/app/(main-layout)/page-86d6394be18e7ee4.js → pending (?ms, ?B)
[2026-04-09T06:39:22.693Z] GET https://birdeye.so/_next/static/chunks/6dc81886-25c729c75215caf0.js → pending (?ms, ?B)
[2026-04-09T06:39:22.693Z] GET https://birdeye.so/_next/static/chunks/4b215c58-c547d95f6bb0e8c3.js → pending (?ms, ?B)
[2026-04-09T06:39:22.693Z] GET https://birdeye.so/_next/static/chunks/5486-1499a992b8d9104d.js → pending (?ms, ?B)
[2026-04-09T06:39:22.693Z] GET https://birdeye.so/_next/static/chunks/4067-1fee66e4931e7b92.js → pending (?ms, ?B)
[2026-04-09T06:39:22.693Z] GET https://birdeye.so/_next/static/chunks/1577-6a640ecb8600e8bd.js → pending (?ms, ?B)
[2026-04-09T06:39:22.693Z] GET https://birdeye.so/_next/static/chunks/6987-79d1faa862a52893.js → pending (?ms, ?B)
[2026-04-09T06:39:22.693Z] GET https://birdeye.so/_next/static/chunks/7747-28b3bd6bfea3eace.js → pending (?ms, ?B)
[2026-04-09T06:39:22.693Z] GET https://birdeye.so/_next/static/chunks/7798-15bfa3e15dd82f27.js → pending (?ms, ?B)
[2026-04-09T06:39:22.693Z] GET https://birdeye.so/_next/static/chunks/app/(isr-layout)/layout-e330d7b3be713526.js → pending (?ms, ?B)
[2026-04-09T06:39:22.693Z] GET https://birdeye.so/_next/static/chunks/app/not-found-7b41dde4cea05dcc.js → pending (?ms, ?B)
[2026-04-09T06:39:22.693Z] GET https://birdeye.so/_next/static/chunks/app/(main-layout)/layout-449bbcd5dc2da733.js → pending (?ms, ?B)
[2026-04-09T06:39:22.693Z] GET https://birdeye.so/_next/static/css/c12289f28406e737.css → pending (?ms, ?B)
[2026-04-09T06:39:22.693Z] GET https://www.googletagmanager.com/gtag/js?id=G-WSDBTB1F3Q → pending (?ms, ?B)
[2026-04-09T06:39:22.693Z] GET https://script.crazyegg.com/pages/scripts/0131/2521.js → pending (?ms, ?B)
[2026-04-09T06:39:22.694Z] GET https://cdn.adx.ws/scripts/loader.js → pending (?ms, ?B)
[2026-04-09T06:39:22.737Z] GET https://static.cloudflareinsights.com/beacon.min.js/v8c78df7c7c0f484497ecbca7046644da1771523124516 → pending (?ms, ?B)
[2026-04-09T06:39:45.099Z] GET https://birdeye.so/_next/static/css/34a72a2dfc6ca7d9.css → pending (?ms, ?B)
[2026-04-09T06:39:45.099Z] GET https://birdeye.so/_next/static/chunks/da3d34eb.426ecb8d450b43cf.js → pending (?ms, ?B)
[2026-04-09T06:39:45.099Z] GET https://birdeye.so/_next/static/chunks/782.551f6ab3a4d0f307.js → pending (?ms, ?B)
[2026-04-09T06:39:45.099Z] GET https://birdeye.so/_next/static/chunks/8426.f939f652af787301.js → pending (?ms, ?B)
[2026-04-09T06:39:45.099Z] GET https://birdeye.so/_next/static/chunks/9561.a6f11bf55c198a92.js → pending (?ms, ?B)
[2026-04-09T06:39:45.099Z] POST https://birdeye.so/ → pending (?ms, ?B)
[2026-04-09T06:39:45.118Z] POST https://analytics.google.com/g/collect?v=2&tid=G-WSDBTB1F3Q&gtm=45je6471h1v886325549za200zd886325549&_p=1775716785095&_gaz=1&gcd=13l3l3l3l1l1&npa=0&dma=0&_eu=AAAAAGA&are=1&cid=2047740280.1775716785&frm=0&pscdl=noapi&sr=1280x720&uaa=arm&uab=64&uafvl=Not%253AA-Brand%3B99.0.0.0%7CHeadlessChrome%3B145.0.7632.6%7CChromium%3B145.0.7632.6&uam=&uamb=0&uap=macOS&uapv=15.5.0&uaw=0&ul=en-us&_s=1&tag_exp=0~115938466~115938469~117266401~117384405~118487544&sid=1775716785&sct=1&seg=0&dl=https%3A%2F%2Fbirdeye.so%2F&dt=Token%20Tracker%20%7C%20Live%20Prices%2C%20Charts%20%26%20Trades%20%7C%20Birdeye&en=page_view&_fv=1&_nsi=1&_ss=1&_ee=1&tfd=25509 → pending (?ms, ?B)
[2026-04-09T06:39:45.119Z] POST https://stats.g.doubleclick.net/g/collect?v=2&tid=G-WSDBTB1F3Q&cid=2047740280.1775716785&gtm=45je6471h1v886325549za200zd886325549&aip=1&dma=0&gcd=13l3l3l3l1l1&npa=0&frm=0&tag_exp=0~115938466~115938469~117266401~117384405~118487544 → pending (?ms, ?B)
[2026-04-09T06:39:45.119Z] GET https://www.google.ae/ads/ga-audiences?v=1&t=sr&slf_rd=1&_r=4&tid=G-WSDBTB1F3Q&cid=2047740280.1775716785&gtm=45je6471h1v886325549za200zd886325549&aip=1&dma=0&gcd=13l3l3l3l1l1&npa=0&frm=0&tag_exp=0~115938466~115938469~117266401~117384405~118487544&z=696635473 → pending (?ms, ?B)
[2026-04-09T06:39:46.929Z] GET https://dune.com/hyperliquid-analytics/hyperliquid → pending (?ms, ?B)
